NO
NO
NO
NO
NO
NO
NO
NO
NO
NO
NO
NO
NO
NO
NO
YES
2 1 6
NO
NO
NO
NO
NO
NO
NO
NO
YES
2 1 3
NO
NO
NO
NO
NO
NO
NO
NO
NO
NO
NO
NO
YES
2 6 9
NO
NO
NO
NO
NO
NO
NO
YES
2 6 9
NO
NO
NO
NO
NO
NO
YES
2 3 9
NO
NO
NO
NO
NO
NO
NO
NO
NO
NO
YES
2 1 5
NO
NO
NO
NO
NO
NO
NO
NO
YES
2 2 8
NO
NO
NO
NO
NO
NO
NO
NO
NO
NO
NO
NO
NO
NO
NO
NO
NO
NO
NO
NO
NO
NO
NO
NO
YES
2 5 3
NO
YES
2 1 9
